Prior Docker VM fs.inotify.max_user_instances=128
fs.inotify.max_user_instances = 1024
Creating isolated cluster celld-step2-cf04b361
Pulling into disposable node: ghcr.io/denoland/celld@sha256:df8e74bb9a059df5779644368984933eba76acd6a2d196672732f4368f760fc8

Observed during pull: ctr content active reported layer-sha256:75782e20ea1f4a9d9259bc20a5ecbbea8d5943bf5370bf0f5727900728f1cc9a at 22.02 MB after approximately four minutes.

Cleaning up only cluster celld-step2-cf04b361
Traceback (most recent call last):
  File "/Users/ewhauser/working/celld-operator/hack/integration/run.py", line 467, in <module>
    main()
    ~~~~^^
  File "/Users/ewhauser/working/celld-operator/hack/integration/run.py", line 127, in main
    run(['docker', 'exec', node, 'crictl', 'pull', image], timeout=300)
    ~~~^^^^^^^^^^^^^^^^^^^^^^^^^^^^^^^^^^^^^^^^^^^^^^^^^^^^^^^^^^^^^^^^
  File "/Users/ewhauser/working/celld-operator/hack/integration/run.py", line 31, in run
    result = subprocess.run(args, text=True, stdout=subprocess.PIPE, stderr=subprocess.STDOUT, **kwargs)
  File "/opt/homebrew/Cellar/python@3.14/3.14.6/Frameworks/Python.framework/Versions/3.14/lib/python3.14/subprocess.py", line 557, in run
    stdout, stderr = process.communicate(input, timeout=timeout)
                     ~~~~~~~~~~~~~~~~~~~^^^^^^^^^^^^^^^^^^^^^^^^
  File "/opt/homebrew/Cellar/python@3.14/3.14.6/Frameworks/Python.framework/Versions/3.14/lib/python3.14/subprocess.py", line 1221, in communicate
    stdout, stderr = self._communicate(input, endtime, timeout)
                     ~~~~~~~~~~~~~~~~~^^^^^^^^^^^^^^^^^^^^^^^^^
  File "/opt/homebrew/Cellar/python@3.14/3.14.6/Frameworks/Python.framework/Versions/3.14/lib/python3.14/subprocess.py", line 2154, in _communicate
    self._check_timeout(endtime, orig_timeout, stdout, stderr)
    ~~~~~~~~~~~~~~~~~~~^^^^^^^^^^^^^^^^^^^^^^^^^^^^^^^^^^^^^^^
  File "/opt/homebrew/Cellar/python@3.14/3.14.6/Frameworks/Python.framework/Versions/3.14/lib/python3.14/subprocess.py", line 1268, in _check_timeout
    raise TimeoutExpired(
    ...<2 lines>...
            stderr=b''.join(stderr_seq) if stderr_seq else None)
subprocess.TimeoutExpired: Command '['docker', 'exec', 'celld-step2-cf04b361-control-plane', 'crictl', 'pull', 'ghcr.io/denoland/celld@sha256:df8e74bb9a059df5779644368984933eba76acd6a2d196672732f4368f760fc8']' timed out after 300 seconds
fs.inotify.max_user_instances = 128
