python3 hack/integration/run.py --faults
Creating isolated cluster celld-step2-07fe1314
Loaded pinned image from local cache: ghcr.io/denoland/celld@sha256:df8e74bb9a059df5779644368984933eba76acd6a2d196672732f4368f760fc8
Pulling into disposable node: quay.io/minio/minio:RELEASE.2025-09-07T16-13-09Z
Pulling into disposable node: quay.io/minio/mc:RELEASE.2025-08-13T08-35-41Z
Pulling into disposable node: curlimages/curl:8.12.1
Pulling into disposable node: registry.k8s.io/metrics-server/metrics-server:v0.8.0
Pulling into disposable node: ghcr.io/shopify/toxiproxy:2.12.0
PASS: create two isolated test buckets
PASS: qualification app deployed to bucket-alpha
PASS: qualification app deployed to bucket-beta
PASS: pre-existing PVC blocks initial StatefulSet creation
PASS: both runtime profiles ready through operator reconciliation
PASS: strict replicas use distinct nodes within the configured zone
PASS: strict placement blocks a missing eligible zone
PASS: probe same-fleet running
PASS: probe client running
PASS: probe client-beta running
PASS: probe untrusted running
PASS: probe operator running
PASS: application writes readable only in their own fleet storage scope
PASS: same-fleet/operator peer access, cross-fleet/untrusted/client peer denial, ClusterIP health routing
PASS: cross-namespace storage conflict blocked
PASS: schema rejects invalid specs and lifecycle mutations
PASS: additional probe and bucket override are reported as unsafe drift
PASS: restored original template matches normalized API defaults
PASS: alpha at baseline before crash injection
PASS: manager exited after the replica CAS with the journal still at the prior count
PASS: restart reconstructs the issued addition
PASS: crash after effect: one replica write, one completion record
PASS: manager exited after journaling contraction intent, before the CAS
PASS: crash-looping manager never issues the effect held for 20 s
PASS: recovered manager issues the journaled contraction exactly once
PASS: crash before effect: intent retained, one decrement after restart, write readable
PASS: alpha at three before node loss
PASS: strict hostname separation leaves the replacement Pending on a cordoned cluster
PASS: contraction is not issued while a replica is unavailable (reason: BucketRecoveryBlocked) held for 45 s
PASS: contraction proceeds once every replica is observable again
PASS: Bucket node loss: no decrement while unavailable, write readable after recovery
PASS: probe beta-client running
PASS: beta at baseline before node loss
PASS: recreated ordinal waits for its retained host
PASS: no decrement, template change or claim replacement while the ordinal is unschedulable held for 30 s
PASS: ordinal returns on its original host with the same claim
PASS: PersistentFleet node loss: retained claim, same host, write readable
PASS: growth under 250 ms S3 latency
PASS: contraction under 250 ms S3 latency
PASS: S3 latency: shrink/grow completed in 70 s, write readable
PASS: alpha at three before partition
Partition injected with operation 304203ec-80bf-4ebf-a4a1-0906d97c07c2 in phase Recovering
PASS: issued contraction neither completes, decrements again, nor records loss while S3 is unreachable held for 45 s
PASS: runtime pods serve again after the partition (self-fenced processes restarted)
Post-partition outcome: operation completed after evidence returned
PASS: S3 partition: fail closed throughout, acknowledged write readable after recovery
    ],

Cleaning up only cluster celld-step2-07fe1314
exit=0
