fs.inotify.max_user_instances = 1024
Creating isolated cluster celld-step2-485ac429
Pulling into disposable node: ghcr.io/denoland/celld@sha256:df8e74bb9a059df5779644368984933eba76acd6a2d196672732f4368f760fc8
Pulling into disposable node: quay.io/minio/minio:RELEASE.2025-09-07T16-13-09Z
Pulling into disposable node: quay.io/minio/mc:RELEASE.2025-08-13T08-35-41Z
Pulling into disposable node: curlimages/curl:8.12.1
PASS: create two isolated test buckets
PASS: qualification app deployed to bucket-alpha
PASS: qualification app deployed to bucket-beta
PASS: Ordered Bucket gated pods start across two AZs
PASS: exact ordered membership, AZ mapping, hostname separation, and emptyDir
PASS: Ordered Bucket settled at 2
PASS: exact ordered membership, AZ mapping, hostname separation, and emptyDir
PASS: only highest ordinal removed; all 12 acknowledged writes survived
PASS: same Pod UID acquires a new ready runtime invocation
PASS: Ordered Bucket settled at 3
PASS: exact ordered membership, AZ mapping, hostname separation, and emptyDir
PASS: Ordered Bucket settled at 2
PASS: exact ordered membership, AZ mapping, hostname separation, and emptyDir
PASS: positive successor history survives manager restart and repeated contraction; 12/12 ledger intact
PASS: private peer/state endpoint remains inaccessible to application clients
Cleaning up only cluster celld-step2-485ac429
fs.inotify.max_user_instances = 128
