python3 hack/integration/run.py --persistent-lifecycle --rwop-csi
Creating isolated cluster celld-step2-867875b6
Loaded pinned image from local cache: ghcr.io/denoland/celld@sha256:df8e74bb9a059df5779644368984933eba76acd6a2d196672732f4368f760fc8
Pulling into disposable node: quay.io/minio/minio:RELEASE.2025-09-07T16-13-09Z
Pulling into disposable node: quay.io/minio/mc:RELEASE.2025-08-13T08-35-41Z
Pulling into disposable node: curlimages/curl:8.12.1
Pulling into disposable node: registry.k8s.io/metrics-server/metrics-server:v0.8.0
Pulling into disposable node: registry.k8s.io/sig-storage/csi-provisioner:v6.3.0
Pulling into disposable node: registry.k8s.io/sig-storage/csi-node-driver-registrar:v2.17.0
Pulling into disposable node: registry.k8s.io/sig-storage/hostpathplugin:v1.17.1
Pulling into disposable node: registry.k8s.io/sig-storage/livenessprobe:v2.19.0
PASS: create two isolated test buckets
PASS: qualification app deployed to bucket-alpha
PASS: qualification app deployed to bucket-beta
PASS: pre-existing PVC blocks initial StatefulSet creation
PASS: both runtime profiles ready through operator reconciliation
PASS: strict replicas use distinct nodes within the configured zone
PASS: strict placement blocks a missing eligible zone
PASS: probe same-fleet running
PASS: probe client running
PASS: probe client-beta running
PASS: probe untrusted running
PASS: probe operator running
PASS: application writes readable only in their own fleet storage scope
PASS: same-fleet/operator peer access, cross-fleet/untrusted/client peer denial, ClusterIP health routing
PASS: cross-namespace storage conflict blocked
PASS: fleet in a namespace without the fleet Role is reported, not reconciled
PASS: schema rejects invalid specs and lifecycle mutations
PASS: additional probe and bucket override are reported as unsafe drift
PASS: restored original template matches normalized API defaults
PASS: probe beta-client running
PASS: PersistentFleet claims are ReadWriteOncePod on per-node CSI volumes
PASS: PersistentFleet growth 0
PASS: PersistentFleet graceful retirement 0
PASS: PersistentFleet same-host reactivation 0
PASS: PersistentFleet growth 1
PASS: PersistentFleet graceful retirement 1
PASS: PersistentFleet same-host reactivation 1
PASS: PersistentFleet live automatic contraction
    ],

Cleaning up only cluster celld-step2-867875b6
exit=0
