Creating isolated cluster celld-step2-6cd2520d
Pulling into disposable node: ghcr.io/denoland/celld@sha256:df8e74bb9a059df5779644368984933eba76acd6a2d196672732f4368f760fc8
Pulling into disposable node: quay.io/minio/minio:RELEASE.2025-09-07T16-13-09Z
Pulling into disposable node: quay.io/minio/mc:RELEASE.2025-08-13T08-35-41Z
Pulling into disposable node: curlimages/curl:8.12.1
PASS: create two isolated test buckets
PASS: qualification app deployed to bucket-alpha
PASS: qualification app deployed to bucket-beta
PASS: pre-existing PVC blocks initial StatefulSet creation
PASS: both runtime profiles ready through operator reconciliation
PASS: strict replicas use distinct nodes within the configured zone
PASS: strict placement blocks a missing eligible zone
PASS: probe same-fleet running
PASS: probe client running
PASS: probe client-beta running
PASS: probe untrusted running
PASS: probe operator running
PASS: application writes readable only in their own fleet storage scope
PASS: same-fleet/operator peer access, cross-fleet/untrusted/client peer denial, ClusterIP health routing
PASS: cross-namespace storage conflict blocked
PASS: schema rejects invalid specs and lifecycle mutations
PASS: additional probe and bucket override are reported as unsafe drift
PASS: restored original template matches normalized API defaults
PASS: journaled scale-out after controller restart: alpha
PASS: two actual Bucket decrements completed
PASS: Bucket shrink/grow with retained generation history
PASS: journaled scale-out after controller restart: beta
PASS: unqualified contraction blocked: beta
PASS: restored desired capacity: beta
PASS: both profiles scale out without template changes; contraction gates persist
PASS: Bucket pause fence installed
PASS: Bucket resume and manager restart completes removal
PASS: second Bucket growth
NAMESPACE            NAME                                                         READY   STATUS             RESTARTS        AGE     IP                NODE                                 NOMINATED NODE   READINESS GATES
celld-system         celld-operator-58fc9cd946-gss8l                              1/1     Running            1 (3m28s ago)   8m6s    192.168.161.140   celld-step2-6cd2520d-control-plane   <none>           <none>
celld-system         operator                                                     1/1     Running            0               11m     192.168.67.137    celld-step2-6cd2520d-worker2         <none>           0/1
celld-test-store     deploy-bucket-alpha                                          0/1     Completed          0               12m     192.168.161.130   celld-step2-6cd2520d-control-plane   <none>           <none>
celld-test-store     deploy-bucket-beta                                           0/1     Completed          0               12m     192.168.161.131   celld-step2-6cd2520d-control-plane   <none>           <none>
celld-test-store     minio                                                        1/1     Running            0               12m     192.168.198.193   celld-step2-6cd2520d-worker          <none>           <none>
celld-test-store     seed                                                         0/1     Completed          0               12m     192.168.198.194   celld-step2-6cd2520d-worker          <none>           <none>
fleets               alpha-57d79cf869-4f5ft                                       1/1     Running            0               11m     192.168.198.197   celld-step2-6cd2520d-worker          <none>           <none>
fleets               alpha-57d79cf869-vcb4h                                       1/1     Running            1 (3m38s ago)   8m57s   192.168.161.136   celld-step2-6cd2520d-control-plane   <none>           <none>
fleets               beta-0                                                       1/1     Running            1 (3m37s ago)   11m     192.168.198.199   celld-step2-6cd2520d-worker          <none>           <none>
fleets               beta-1                                                       1/1     Running            1 (3m35s ago)   11m     192.168.67.134    celld-step2-6cd2520d-worker2         <none>           <none>
fleets               beta-2                                                       1/1     Running            1 (3m38s ago)   8m38s   192.168.161.139   celld-step2-6cd2520d-control-plane   <none>           <none>
fleets               client                                                       1/1     Running            0               11m     192.168.67.135    celld-step2-6cd2520d-worker2         <none>           0/1
fleets               client-beta                                                  1/1     Running            0               11m     192.168.67.136    celld-step2-6cd2520d-worker2         <none>           0/1
fleets               unavailable-5448767f5b-k6rcd                                 0/1     CrashLoopBackOff   6 (4m50s ago)   11m     192.168.198.200   celld-step2-6cd2520d-worker          <none>           <none>
fleets               unavailable-5448767f5b-nkmlj                                 0/1     Pending            0               11m     <none>            <none>                               <none>           <none>
fleets               untrusted                                                    1/1     Running            0               11m     192.168.198.201   celld-step2-6cd2520d-worker          <none>           0/1
kube-system          calico-kube-controllers-78576cf5c8-bv742                     1/1     Running            0               17m     192.168.67.131    celld-step2-6cd2520d-worker2         <none>           <none>
kube-system          calico-node-bplwq                                            1/1     Running            0               17m     172.18.0.5        celld-step2-6cd2520d-control-plane   <none>           <none>
kube-system          calico-node-g88cx                                            1/1     Running            0               17m     172.18.0.4        celld-step2-6cd2520d-worker          <none>           <none>
kube-system          calico-node-ljdvq                                            1/1     Running            0               17m     172.18.0.3        celld-step2-6cd2520d-worker2         <none>           <none>
kube-system          coredns-7c65d6cfc9-7d9wq                                     1/1     Running            0               17m     192.168.67.129    celld-step2-6cd2520d-worker2         <none>           <none>
kube-system          coredns-7c65d6cfc9-r5qrd                                     1/1     Running            0               17m     192.168.161.129   celld-step2-6cd2520d-control-plane   <none>           <none>
kube-system          etcd-celld-step2-6cd2520d-control-plane                      1/1     Running            0               17m     172.18.0.5        celld-step2-6cd2520d-control-plane   <none>           <none>
kube-system          kube-apiserver-celld-step2-6cd2520d-control-plane            1/1     Running            0               17m     172.18.0.5        celld-step2-6cd2520d-control-plane   <none>           <none>
kube-system          kube-controller-manager-celld-step2-6cd2520d-control-plane   1/1     Running            1 (3m30s ago)   17m     172.18.0.5        celld-step2-6cd2520d-control-plane   <none>           <none>
kube-system          kube-proxy-76fhm                                             1/1     Running            0               17m     172.18.0.3        celld-step2-6cd2520d-worker2         <none>           <none>
kube-system          kube-proxy-7nr7r                                             1/1     Running            0               17m     172.18.0.4        celld-step2-6cd2520d-worker          <none>           <none>
kube-system          kube-proxy-nvz65                                             1/1     Running            0               17m     172.18.0.5        celld-step2-6cd2520d-control-plane   <none>           <none>
kube-system          kube-scheduler-celld-step2-6cd2520d-control-plane            1/1     Running            1 (3m29s ago)   17m     172.18.0.5        celld-step2-6cd2520d-control-plane   <none>           <none>
kube-system          metrics-server-bf688598-w4xtn                                1/1     Running            0               12m     192.168.198.196   celld-step2-6cd2520d-worker          <none>           <none>
local-path-storage   local-path-provisioner-6fdc965494-jwcvs                      1/1     Running            0               17m     192.168.67.130    celld-step2-6cd2520d-worker2         <none>           <none>

apiVersion: v1
items:
- apiVersion: celld.example.com/v1alpha1
  kind: CelldFleet
  metadata:
    annotations:
      kubectl.kubernetes.io/last-applied-configuration: |
        {"apiVersion":"celld.example.com/v1alpha1","kind":"CelldFleet","metadata":{"annotations":{},"name":"alpha","namespace":"fleets"},"spec":{"placement":{"azCount":1,"zones":["us-east-1a"]},"profile":"Bucket","qualification":"Experimental","replicas":2,"serviceAccountName":"runtime","storage":{"bucket":"bucket-alpha","region":"us-east-1","sizeGiB":1}}}
    creationTimestamp: "2026-09-19T01:05:03Z"
    finalizers:
    - celld.example.com/lifecycle-protection
    generation: 8
    name: alpha
    namespace: fleets
    resourceVersion: "4880"
    uid: d477f644-b73e-493b-9b00-32e938e5170f
  spec:
    capacity:
      cpuHighMillicores: 500
      cpuLowMillicores: 200
      maxAgeSeconds: 45
      maxReplicas: 3
      maxWindowSeconds: 60
      memoryHighMiB: 1000
      memoryLowMiB: 700
      minReplicas: 1
      minSamples: 2
      minWindowSeconds: 5
      mode: Automatic
      provisioningTimeoutSeconds: 600
      redistributionObservationSeconds: 120
      sampleIntervalSeconds: 30
      scaleInCooldownSeconds: 60
      scaleInStabilizationSeconds: 60
      scaleOutCooldownSeconds: 300
      scaleOutStabilizationSeconds: 30
      scaleOutStep: 1
    placement:
      azCount: 1
      mode: Strict
      zones:
      - us-east-1a
    profile: Bucket
    qualification: Experimental
    replicas: 3
    serviceAccountName: runtime
    storage:
      bucket: bucket-alpha
      region: us-east-1
      sizeGiB: 1
  status:
    capacity:
      coveredReplicas: 2
      desiredReplicas: 1
      message: Low demand across every node; one removal still requires qualified
        lifecycle evidence
      mode: Automatic
      reason: ScaleInRecommended
      usefulReplicas: 2
    conditions:
    - lastTransitionTime: "2026-09-19T01:08:56Z"
      message: bucket incarnation changed or retired member returned
      observedGeneration: 8
      reason: BucketRecoveryBlocked
      status: "False"
      type: MaintenancePaused
    - lastTransitionTime: "2026-09-19T01:05:03Z"
      message: bucket incarnation changed or retired member returned
      observedGeneration: 8
      reason: BucketRecoveryBlocked
      status: "False"
      type: Deleting
    - lastTransitionTime: "2026-09-19T01:10:00Z"
      message: bucket incarnation changed or retired member returned
      observedGeneration: 8
      reason: BucketRecoveryBlocked
      status: "True"
      type: Ready
    - lastTransitionTime: "2026-09-19T01:15:34Z"
      message: bucket incarnation changed or retired member returned
      observedGeneration: 8
      reason: BucketRecoveryBlocked
      status: "False"
      type: InfrastructureReady
    - lastTransitionTime: "2026-09-19T01:15:34Z"
      message: bucket incarnation changed or retired member returned
      observedGeneration: 8
      reason: BucketRecoveryBlocked
      status: "False"
      type: Progressing
    - lastTransitionTime: "2026-09-19T01:15:34Z"
      message: bucket incarnation changed or retired member returned
      observedGeneration: 8
      reason: BucketRecoveryBlocked
      status: "True"
      type: Blocked
    - lastTransitionTime: "2026-09-19T01:05:03Z"
      message: Production automatic contraction and uncertain-node PersistentFleet
        recovery remain unqualified; upgrades, restarts and deletion are blocked
      observedGeneration: 8
      reason: QualificationIncomplete
      status: "True"
      type: LifecycleBlocked
    - lastTransitionTime: "2026-09-19T01:05:03Z"
      message: Local prototype only; AWS, retained-EBS recovery, fencing, follower
        AZ diversity and restart safety remain unqualified
      observedGeneration: 8
      reason: QualificationIncomplete
      status: "False"
      type: ProductionQualified
    lifecycle:
      deadline: "2026-09-19T01:45:34Z"
      evidenceBlocker: HistoricalSessionUnresolved
      evidenceCheckedAt: "2026-09-19T01:17:01Z"
      from: 2
      operationID: 7b7b36eb-eba0-4ad6-92c8-aa86ffbbd685
      phase: Blocked
      retiredBucketSessions: 4
      sessionCount: 11
      to: 1
    observedGeneration: 8
    readyReplicas: 2
    reservation: s3-3e3c6c589bf95c28c9dc27cca2758c2991eb0031bff576ff1ad01e71
- apiVersion: celld.example.com/v1alpha1
  kind: CelldFleet
  metadata:
    annotations:
      kubectl.kubernetes.io/last-applied-configuration: |
        {"apiVersion":"celld.example.com/v1alpha1","kind":"CelldFleet","metadata":{"annotations":{},"name":"beta","namespace":"fleets"},"spec":{"placement":{"azCount":1,"zones":["us-east-1a"]},"profile":"PersistentFleet","qualification":"Experimental","replicas":2,"serviceAccountName":"runtime","storage":{"bucket":"bucket-beta","region":"us-east-1","sizeGiB":1,"storageClassName":"retained"}}}
    creationTimestamp: "2026-09-19T01:05:03Z"
    finalizers:
    - celld.example.com/lifecycle-protection
    generation: 4
    name: beta
    namespace: fleets
    resourceVersion: "4872"
    uid: 00e066e7-265e-4cc2-a91f-97920481a6ac
  spec:
    placement:
      azCount: 1
      mode: Strict
      zones:
      - us-east-1a
    profile: PersistentFleet
    qualification: Experimental
    replicas: 3
    serviceAccountName: runtime
    storage:
      bucket: bucket-beta
      region: us-east-1
      sizeGiB: 1
      storageClassName: retained
  status:
    conditions:
    - lastTransitionTime: "2026-09-19T01:05:03Z"
      message: Runtime session observations retained; exact authenticated binding
        and historical recovery remain required
      observedGeneration: 4
      reason: HistoricalSessionUnresolved
      status: "False"
      type: MaintenancePaused
    - lastTransitionTime: "2026-09-19T01:05:03Z"
      message: Runtime session observations retained; exact authenticated binding
        and historical recovery remain required
      observedGeneration: 4
      reason: HistoricalSessionUnresolved
      status: "False"
      type: Deleting
    - lastTransitionTime: "2026-09-19T01:05:24Z"
      message: Runtime session observations retained; exact authenticated binding
        and historical recovery remain required
      observedGeneration: 4
      reason: HistoricalSessionUnresolved
      status: "True"
      type: Ready
    - lastTransitionTime: "2026-09-19T01:08:42Z"
      message: Runtime session observations retained; exact authenticated binding
        and historical recovery remain required
      observedGeneration: 4
      reason: HistoricalSessionUnresolved
      status: "False"
      type: InfrastructureReady
    - lastTransitionTime: "2026-09-19T01:08:41Z"
      message: Runtime session observations retained; exact authenticated binding
        and historical recovery remain required
      observedGeneration: 4
      reason: HistoricalSessionUnresolved
      status: "False"
      type: Progressing
    - lastTransitionTime: "2026-09-19T01:08:42Z"
      message: Runtime session observations retained; exact authenticated binding
        and historical recovery remain required
      observedGeneration: 4
      reason: HistoricalSessionUnresolved
      status: "True"
      type: Blocked
    - lastTransitionTime: "2026-09-19T01:05:03Z"
      message: Production automatic contraction and uncertain-node PersistentFleet
        recovery remain unqualified; upgrades, restarts and deletion are blocked
      observedGeneration: 4
      reason: QualificationIncomplete
      status: "True"
      type: LifecycleBlocked
    - lastTransitionTime: "2026-09-19T01:05:03Z"
      message: Local prototype only; AWS, retained-EBS recovery, fencing, follower
        AZ diversity and restart safety remain unqualified
      observedGeneration: 4
      reason: QualificationIncomplete
      status: "False"
      type: ProductionQualified
    lifecycle:
      deadline: "2026-09-19T01:38:42Z"
      evidenceBlocker: HistoricalSessionUnresolved
      evidenceCheckedAt: "2026-09-19T01:16:58Z"
      from: 3
      operationID: 3ceb0c81-b674-49aa-bbb3-69593feae3d9
      phase: Blocked
      sessionCount: 6
      targetPod: beta-2
      to: 2
    observedGeneration: 4
    readyReplicas: 3
    reservation: s3-9bad1ca42408fb5333d02d1bdf11293e9e22c4411493f3fcba7b6419
- apiVersion: celld.example.com/v1alpha1
  kind: CelldFleet
  metadata:
    annotations:
      kubectl.kubernetes.io/last-applied-configuration: |
        {"apiVersion":"celld.example.com/v1alpha1","kind":"CelldFleet","metadata":{"annotations":{},"name":"collision","namespace":"fleets"},"spec":{"placement":{"azCount":1,"zones":["us-east-1a"]},"profile":"PersistentFleet","qualification":"Experimental","replicas":2,"serviceAccountName":"runtime","storage":{"bucket":"new-bucket","region":"us-east-1","sizeGiB":1,"storageClassName":"retained"}}}
    creationTimestamp: "2026-09-19T01:05:01Z"
    finalizers:
    - celld.example.com/lifecycle-protection
    generation: 1
    name: collision
    namespace: fleets
    resourceVersion: "1600"
    uid: 9ae74355-2bfe-48a7-8fb9-42b0a6752f37
  spec:
    placement:
      azCount: 1
      mode: Strict
      zones:
      - us-east-1a
    profile: PersistentFleet
    qualification: Experimental
    replicas: 2
    serviceAccountName: runtime
    storage:
      bucket: new-bucket
      region: us-east-1
      sizeGiB: 1
      storageClassName: retained
  status:
    conditions:
    - lastTransitionTime: "2026-09-19T01:05:01Z"
      message: PVC data-collision-0 already exists; initial provisioning cannot verify
        retained disk identity or adopt existing claims
      observedGeneration: 1
      reason: StorageIdentityConflict
      status: "False"
      type: MaintenancePaused
    - lastTransitionTime: "2026-09-19T01:05:01Z"
      message: PVC data-collision-0 already exists; initial provisioning cannot verify
        retained disk identity or adopt existing claims
      observedGeneration: 1
      reason: StorageIdentityConflict
      status: "False"
      type: Deleting
    - lastTransitionTime: "2026-09-19T01:05:01Z"
      message: PVC data-collision-0 already exists; initial provisioning cannot verify
        retained disk identity or adopt existing claims
      observedGeneration: 1
      reason: StorageIdentityConflict
      status: "False"
      type: Ready
    - lastTransitionTime: "2026-09-19T01:05:01Z"
      message: PVC data-collision-0 already exists; initial provisioning cannot verify
        retained disk identity or adopt existing claims
      observedGeneration: 1
      reason: StorageIdentityConflict
      status: "False"
      type: InfrastructureReady
    - lastTransitionTime: "2026-09-19T01:05:01Z"
      message: PVC data-collision-0 already exists; initial provisioning cannot verify
        retained disk identity or adopt existing claims
      observedGeneration: 1
      reason: StorageIdentityConflict
      status: "False"
      type: Progressing
    - lastTransitionTime: "2026-09-19T01:05:01Z"
      message: PVC data-collision-0 already exists; initial provisioning cannot verify
        retained disk identity or adopt existing claims
      observedGeneration: 1
      reason: StorageIdentityConflict
      status: "True"
      type: Blocked
    - lastTransitionTime: "2026-09-19T01:05:01Z"
      message: Production automatic contraction and uncertain-node PersistentFleet
        recovery remain unqualified; upgrades, restarts and deletion are blocked
      observedGeneration: 1
      reason: QualificationIncomplete
      status: "True"
      type: LifecycleBlocked
    - lastTransitionTime: "2026-09-19T01:05:01Z"
      message: Local prototype only; AWS, retained-EBS recovery, fencing, follower
        AZ diversity and restart safety remain unqualified
      observedGeneration: 1
      reason: QualificationIncomplete
      status: "False"
      type: ProductionQualified
    observedGeneration: 1
- apiVersion: celld.example.com/v1alpha1
  kind: CelldFleet
  metadata:
    annotations:
      kubectl.kubernetes.io/last-applied-configuration: |
        {"apiVersion":"celld.example.com/v1alpha1","kind":"CelldFleet","metadata":{"annotations":{},"name":"unavailable","namespace":"fleets"},"spec":{"placement":{"azCount":2,"zones":["us-east-1a","us-east-1b"]},"profile":"Bucket","qualification":"Experimental","replicas":2,"serviceAccountName":"runtime","storage":{"bucket":"bucket-unavailable","region":"us-east-1","sizeGiB":1}}}
    creationTimestamp: "2026-09-19T01:05:24Z"
    finalizers:
    - celld.example.com/lifecycle-protection
    generation: 1
    name: unavailable
    namespace: fleets
    resourceVersion: "1964"
    uid: cfd6e3a6-09fd-476b-87fa-004baef717de
  spec:
    placement:
      azCount: 2
      mode: Strict
      zones:
      - us-east-1a
      - us-east-1b
    profile: Bucket
    qualification: Experimental
    replicas: 2
    serviceAccountName: runtime
    storage:
      bucket: bucket-unavailable
      region: us-east-1
      sizeGiB: 1
  status:
    conditions:
    - lastTransitionTime: "2026-09-19T01:05:24Z"
      message: Waiting for ready replicas; inspect Pod scheduling, PVC binding and
        runtime readiness. Capacity is externally provisioned
      observedGeneration: 1
      reason: Provisioning
      status: "False"
      type: MaintenancePaused
    - lastTransitionTime: "2026-09-19T01:05:24Z"
      message: Waiting for ready replicas; inspect Pod scheduling, PVC binding and
        runtime readiness. Capacity is externally provisioned
      observedGeneration: 1
      reason: Provisioning
      status: "False"
      type: Deleting
    - lastTransitionTime: "2026-09-19T01:05:24Z"
      message: Waiting for ready replicas; inspect Pod scheduling, PVC binding and
        runtime readiness. Capacity is externally provisioned
      observedGeneration: 1
      reason: Provisioning
      status: "False"
      type: Ready
    - lastTransitionTime: "2026-09-19T01:05:24Z"
      message: Waiting for ready replicas; inspect Pod scheduling, PVC binding and
        runtime readiness. Capacity is externally provisioned
      observedGeneration: 1
      reason: Provisioning
      status: "True"
      type: InfrastructureReady
    - lastTransitionTime: "2026-09-19T01:05:24Z"
      message: Waiting for ready replicas; inspect Pod scheduling, PVC binding and
        runtime readiness. Capacity is externally provisioned
      observedGeneration: 1
      reason: Provisioning
      status: "True"
      type: Progressing
    - lastTransitionTime: "2026-09-19T01:05:24Z"
      message: Waiting for ready replicas; inspect Pod scheduling, PVC binding and
        runtime readiness. Capacity is externally provisioned
      observedGeneration: 1
      reason: Provisioning
      status: "False"
      type: Blocked
    - lastTransitionTime: "2026-09-19T01:05:24Z"
      message: Production automatic contraction and uncertain-node PersistentFleet
        recovery remain unqualified; upgrades, restarts and deletion are blocked
      observedGeneration: 1
      reason: QualificationIncomplete
      status: "True"
      type: LifecycleBlocked
    - lastTransitionTime: "2026-09-19T01:05:24Z"
      message: Local prototype only; AWS, retained-EBS recovery, fencing, follower
        AZ diversity and restart safety remain unqualified
      observedGeneration: 1
      reason: QualificationIncomplete
      status: "False"
      type: ProductionQualified
    lifecycle:
      evidenceBlocker: RecoveryInventoryUnavailable
    observedGeneration: 1
    reservation: s3-56487ad297b0f7750cecacd1a7913098b33524065175aca8a8793286
kind: List
metadata:
  resourceVersion: ""

LAST SEEN   TYPE      REASON                            OBJECT                                   MESSAGE
3m15s       Warning   FailedScheduling                  pod/unavailable-5448767f5b-nkmlj         0/3 nodes are available: 3 node(s) didn't match pod topology spread constraints. preemption: 0/3 nodes are available: 3 No preemption victims found for incoming pod.
12m         Normal    NoPods                            poddisruptionbudget/collision            No matching pods found
11m         Normal    NoPods                            poddisruptionbudget/beta                 No matching pods found
11m         Normal    Provisioning                      persistentvolumeclaim/data-beta-1        External provisioner is provisioning volume for claim "fleets/data-beta-1"
11m         Normal    SuccessfulCreate                  replicaset/alpha-57d79cf869              Created pod: alpha-57d79cf869-p97vt
11m         Normal    SuccessfulCreate                  replicaset/alpha-57d79cf869              Created pod: alpha-57d79cf869-4f5ft
11m         Normal    Created                           pod/alpha-57d79cf869-4f5ft               Created container celld
11m         Normal    Scheduled                         pod/alpha-57d79cf869-4f5ft               Successfully assigned fleets/alpha-57d79cf869-4f5ft to celld-step2-6cd2520d-worker
11m         Normal    Pulled                            pod/alpha-57d79cf869-4f5ft               Container image "ghcr.io/denoland/celld@sha256:df8e74bb9a059df5779644368984933eba76acd6a2d196672732f4368f760fc8" already present on machine
11m         Normal    ScalingReplicaSet                 deployment/alpha                         Scaled up replica set alpha-57d79cf869 to 2
11m         Normal    NoPods                            poddisruptionbudget/alpha                No matching pods found
11m         Normal    WaitForFirstConsumer              persistentvolumeclaim/data-beta-1        waiting for first consumer to be created before binding
11m         Normal    SuccessfulCreate                  statefulset/beta                         create Pod beta-0 in StatefulSet beta successful
11m         Normal    Provisioning                      persistentvolumeclaim/data-beta-0        External provisioner is provisioning volume for claim "fleets/data-beta-0"
11m         Normal    SuccessfulCreate                  statefulset/beta                         create Pod beta-1 in StatefulSet beta successful
11m         Normal    WaitForFirstConsumer              persistentvolumeclaim/data-beta-0        waiting for first consumer to be created before binding
11m         Normal    Scheduled                         pod/alpha-57d79cf869-p97vt               Successfully assigned fleets/alpha-57d79cf869-p97vt to celld-step2-6cd2520d-worker2
11m         Normal    ExternalProvisioning              persistentvolumeclaim/data-beta-1        Waiting for a volume to be created either by the external provisioner 'rancher.io/local-path' or manually by the system administrator. If volume creation is delayed, please verify that the provisioner is running and correctly registered.
11m         Normal    Pulled                            pod/alpha-57d79cf869-p97vt               Container image "ghcr.io/denoland/celld@sha256:df8e74bb9a059df5779644368984933eba76acd6a2d196672732f4368f760fc8" already present on machine
11m         Normal    Started                           pod/alpha-57d79cf869-4f5ft               Started container celld
11m         Normal    ExternalProvisioning              persistentvolumeclaim/data-beta-0        Waiting for a volume to be created either by the external provisioner 'rancher.io/local-path' or manually by the system administrator. If volume creation is delayed, please verify that the provisioner is running and correctly registered.
11m         Normal    Started                           pod/alpha-57d79cf869-p97vt               Started container celld
11m         Normal    Created                           pod/alpha-57d79cf869-p97vt               Created container celld
11m         Normal    ProvisioningSucceeded             persistentvolumeclaim/data-beta-0        Successfully provisioned volume pvc-1ab8e598-a182-4b01-a863-576f3c2a4937
11m         Normal    ProvisioningSucceeded             persistentvolumeclaim/data-beta-1        Successfully provisioned volume pvc-35a47d78-ee94-4546-b356-33e990f7b4d2
11m         Normal    Scheduled                         pod/beta-0                               Successfully assigned fleets/beta-0 to celld-step2-6cd2520d-worker
11m         Normal    Scheduled                         pod/beta-1                               Successfully assigned fleets/beta-1 to celld-step2-6cd2520d-worker2
11m         Warning   Unhealthy                         pod/alpha-57d79cf869-4f5ft               Readiness probe failed: Get "http://192.168.198.197:8080/.well-known/celld/health": dial tcp 192.168.198.197:8080: connect: connection refused
11m         Warning   Unhealthy                         pod/alpha-57d79cf869-p97vt               Readiness probe failed: Get "http://192.168.67.132:8080/.well-known/celld/health": dial tcp 192.168.67.132:8080: connect: connection refused
11m         Normal    NoPods                            poddisruptionbudget/unavailable          No matching pods found
11m         Normal    SuccessfulCreate                  replicaset/unavailable-5448767f5b        Created pod: unavailable-5448767f5b-k6rcd
11m         Normal    SuccessfulCreate                  replicaset/unavailable-5448767f5b        Created pod: unavailable-5448767f5b-nkmlj
11m         Normal    Scheduled                         pod/unavailable-5448767f5b-k6rcd         Successfully assigned fleets/unavailable-5448767f5b-k6rcd to celld-step2-6cd2520d-worker
11m         Normal    ScalingReplicaSet                 deployment/unavailable                   Scaled up replica set unavailable-5448767f5b to 2
11m         Normal    Scheduled                         pod/same-fleet                           Successfully assigned fleets/same-fleet to celld-step2-6cd2520d-control-plane
11m         Normal    Pulled                            pod/same-fleet                           Container image "curlimages/curl:8.12.1" already present on machine
11m         Normal    Created                           pod/same-fleet                           Created container probe
11m         Normal    Started                           pod/same-fleet                           Started container probe
11m         Normal    Started                           pod/client                               Started container probe
11m         Normal    Pulled                            pod/client                               Container image "curlimages/curl:8.12.1" already present on machine
11m         Normal    Scheduled                         pod/client                               Successfully assigned fleets/client to celld-step2-6cd2520d-worker2
11m         Normal    Created                           pod/client                               Created container probe
11m         Normal    Scheduled                         pod/client-beta                          Successfully assigned fleets/client-beta to celld-step2-6cd2520d-worker2
11m         Normal    Started                           pod/client-beta                          Started container probe
11m         Normal    Pulled                            pod/client-beta                          Container image "curlimages/curl:8.12.1" already present on machine
11m         Normal    Created                           pod/client-beta                          Created container probe
11m         Normal    Created                           pod/untrusted                            Created container probe
11m         Normal    Scheduled                         pod/untrusted                            Successfully assigned fleets/untrusted to celld-step2-6cd2520d-worker
11m         Normal    Pulled                            pod/untrusted                            Container image "curlimages/curl:8.12.1" already present on machine
11m         Normal    Started                           pod/untrusted                            Started container probe
11m         Normal    Killing                           pod/same-fleet                           Stopping container probe
11m         Normal    Created                           pod/unavailable-5448767f5b-k6rcd         Created container celld
11m         Normal    Pulled                            pod/unavailable-5448767f5b-k6rcd         Container image "ghcr.io/denoland/celld@sha256:df8e74bb9a059df5779644368984933eba76acd6a2d196672732f4368f760fc8" already present on machine
11m         Normal    Started                           pod/unavailable-5448767f5b-k6rcd         Started container celld
11m         Warning   Unhealthy                         pod/unavailable-5448767f5b-k6rcd         Readiness probe failed: Get "http://192.168.198.200:8080/.well-known/celld/health": dial tcp 192.168.198.200:8080: connect: connection refused
10m         Warning   CalculateExpectedPodCountFailed   poddisruptionbudget/alpha                Failed to calculate the number of expected pods: celldfleets.celld.example.com does not implement the scale subresource
10m         Normal    SuccessfulCreate                  replicaset/alpha-57d79cf869              Created pod: alpha-57d79cf869-82gqn
10m         Normal    Scheduled                         pod/alpha-57d79cf869-82gqn               Successfully assigned fleets/alpha-57d79cf869-82gqn to celld-step2-6cd2520d-control-plane
10m         Normal    Started                           pod/alpha-57d79cf869-82gqn               Started container celld
10m         Normal    Created                           pod/alpha-57d79cf869-82gqn               Created container celld
10m         Normal    Pulled                            pod/alpha-57d79cf869-82gqn               Container image "ghcr.io/denoland/celld@sha256:df8e74bb9a059df5779644368984933eba76acd6a2d196672732f4368f760fc8" already present on machine
10m         Warning   Unhealthy                         pod/alpha-57d79cf869-82gqn               Readiness probe failed: Get "http://192.168.161.135:8080/.well-known/celld/health": dial tcp 192.168.161.135:8080: connect: connection refused
9m51s       Normal    Killing                           pod/alpha-57d79cf869-82gqn               Stopping container celld
9m51s       Normal    SuccessfulDelete                  replicaset/alpha-57d79cf869              Deleted pod: alpha-57d79cf869-82gqn
9m24s       Normal    SuccessfulDelete                  replicaset/alpha-57d79cf869              Deleted pod: alpha-57d79cf869-p97vt
9m24s       Normal    ScalingReplicaSet                 deployment/alpha                         Scaled down replica set alpha-57d79cf869 to 1 from 2
9m24s       Normal    Killing                           pod/alpha-57d79cf869-p97vt               Stopping container celld
8m57s       Normal    ScalingReplicaSet                 deployment/alpha                         Scaled up replica set alpha-57d79cf869 to 3 from 1
8m57s       Normal    SuccessfulCreate                  replicaset/alpha-57d79cf869              Created pod: alpha-57d79cf869-vcb4h
8m57s       Normal    SuccessfulCreate                  replicaset/alpha-57d79cf869              Created pod: alpha-57d79cf869-m5m4q
8m57s       Normal    Scheduled                         pod/alpha-57d79cf869-m5m4q               Successfully assigned fleets/alpha-57d79cf869-m5m4q to celld-step2-6cd2520d-worker2
8m57s       Normal    Pulled                            pod/alpha-57d79cf869-m5m4q               Container image "ghcr.io/denoland/celld@sha256:df8e74bb9a059df5779644368984933eba76acd6a2d196672732f4368f760fc8" already present on machine
8m57s       Normal    Created                           pod/alpha-57d79cf869-m5m4q               Created container celld
8m57s       Normal    Scheduled                         pod/alpha-57d79cf869-vcb4h               Successfully assigned fleets/alpha-57d79cf869-vcb4h to celld-step2-6cd2520d-control-plane
8m56s       Normal    Started                           pod/alpha-57d79cf869-m5m4q               Started container celld
8m47s       Warning   Unhealthy                         pod/alpha-57d79cf869-m5m4q               Readiness probe failed: Get "http://192.168.67.138:8080/.well-known/celld/health": dial tcp 192.168.67.138:8080: connect: connection refused
8m39s       Normal    WaitForFirstConsumer              persistentvolumeclaim/data-beta-2        waiting for first consumer to be created before binding
8m38s       Normal    Provisioning                      persistentvolumeclaim/data-beta-2        External provisioner is provisioning volume for claim "fleets/data-beta-2"
8m38s       Normal    ExternalProvisioning              persistentvolumeclaim/data-beta-2        Waiting for a volume to be created either by the external provisioner 'rancher.io/local-path' or manually by the system administrator. If volume creation is delayed, please verify that the provisioner is running and correctly registered.
8m38s       Normal    SuccessfulCreate                  statefulset/beta                         create Pod beta-2 in StatefulSet beta successful
8m35s       Normal    ProvisioningSucceeded             persistentvolumeclaim/data-beta-2        Successfully provisioned volume pvc-9f85b100-52bb-4005-8241-04eceb20bbc8
8m34s       Normal    Scheduled                         pod/beta-2                               Successfully assigned fleets/beta-2 to celld-step2-6cd2520d-control-plane
7m46s       Normal    Killing                           pod/alpha-57d79cf869-m5m4q               Stopping container celld
7m46s       Normal    SuccessfulDelete                  replicaset/alpha-57d79cf869              Deleted pod: alpha-57d79cf869-m5m4q
7m19s       Normal    SuccessfulCreate                  replicaset/alpha-57d79cf869              Created pod: alpha-57d79cf869-6rzll
7m19s       Normal    ScalingReplicaSet                 deployment/alpha                         Scaled up replica set alpha-57d79cf869 to 3 from 2
7m19s       Normal    Scheduled                         pod/alpha-57d79cf869-6rzll               Successfully assigned fleets/alpha-57d79cf869-6rzll to celld-step2-6cd2520d-worker2
7m18s       Normal    Started                           pod/alpha-57d79cf869-6rzll               Started container celld
7m18s       Normal    Created                           pod/alpha-57d79cf869-6rzll               Created container celld
7m18s       Normal    Pulled                            pod/alpha-57d79cf869-6rzll               Container image "ghcr.io/denoland/celld@sha256:df8e74bb9a059df5779644368984933eba76acd6a2d196672732f4368f760fc8" already present on machine
6m          Normal    WaitForFirstConsumer              persistentvolumeclaim/data-collision-0   waiting for first consumer to be created before binding
5m18s       Normal    Killing                           pod/alpha-57d79cf869-6rzll               Stopping container celld
5m18s       Normal    SuccessfulDelete                  replicaset/alpha-57d79cf869              Deleted pod: alpha-57d79cf869-6rzll
5m18s       Normal    ScalingReplicaSet                 deployment/alpha                         Scaled down replica set alpha-57d79cf869 to 2 from 3
5m17s       Warning   Unhealthy                         pod/alpha-57d79cf869-6rzll               Readiness probe failed: Get "http://192.168.67.139:8080/.well-known/celld/health": dial tcp 192.168.67.139:8080: connect: connection refused
5m15s       Warning   FailedScheduling                  pod/unavailable-5448767f5b-nkmlj         0/3 nodes are available: 3 node(s) didn't match pod topology spread constraints. preemption: 0/3 nodes are available: 3 No preemption victims found for incoming pod.
4m8s        Warning   Unhealthy                         pod/beta-2                               Readiness probe failed: Get "http://192.168.161.139:8080/.well-known/celld/health": context deadline exceeded (Client.Timeout exceeded while awaiting headers)
3m41s       Warning   Unhealthy                         pod/beta-2                               Readiness probe failed: HTTP probe failed with statuscode: 503
3m39s       Warning   Unhealthy                         pod/alpha-57d79cf869-vcb4h               Readiness probe failed: Get "http://192.168.161.136:8080/.well-known/celld/health": context deadline exceeded (Client.Timeout exceeded while awaiting headers)
3m38s       Warning   Unhealthy                         pod/beta-2                               Readiness probe failed: Get "http://192.168.161.139:8080/.well-known/celld/health": read tcp 192.168.161.128:50214->192.168.161.139:8080: read: connection reset by peer
3m38s       Warning   Unhealthy                         pod/beta-0                               Readiness probe failed: Get "http://192.168.198.199:8080/.well-known/celld/health": read tcp 192.168.198.192:49382->192.168.198.199:8080: read: connection reset by peer
3m35s       Warning   Unhealthy                         pod/beta-1                               Readiness probe failed: Get "http://192.168.67.134:8080/.well-known/celld/health": read tcp 192.168.67.128:52476->192.168.67.134:8080: read: connection reset by peer
3m34s       Normal    Pulled                            pod/beta-0                               Container image "ghcr.io/denoland/celld@sha256:df8e74bb9a059df5779644368984933eba76acd6a2d196672732f4368f760fc8" already present on machine
3m33s       Normal    Created                           pod/beta-0                               Created container celld
3m32s       Normal    Pulled                            pod/alpha-57d79cf869-vcb4h               Container image "ghcr.io/denoland/celld@sha256:df8e74bb9a059df5779644368984933eba76acd6a2d196672732f4368f760fc8" already present on machine
3m32s       Normal    Pulled                            pod/beta-1                               Container image "ghcr.io/denoland/celld@sha256:df8e74bb9a059df5779644368984933eba76acd6a2d196672732f4368f760fc8" already present on machine
3m31s       Normal    Created                           pod/alpha-57d79cf869-vcb4h               Created container celld
3m31s       Normal    Created                           pod/beta-1                               Created container celld
3m31s       Normal    Pulled                            pod/beta-2                               Container image "ghcr.io/denoland/celld@sha256:df8e74bb9a059df5779644368984933eba76acd6a2d196672732f4368f760fc8" already present on machine
3m30s       Normal    Created                           pod/beta-2                               Created container celld
3m29s       Normal    Started                           pod/beta-0                               Started container celld
3m29s       Normal    Started                           pod/beta-1                               Started container celld
3m28s       Normal    Started                           pod/alpha-57d79cf869-vcb4h               Started container celld
3m27s       Normal    Started                           pod/beta-2                               Started container celld
3m23s       Warning   Unhealthy                         pod/beta-2                               Readiness probe failed: Get "http://192.168.161.139:8080/.well-known/celld/health": dial tcp 192.168.161.139:8080: connect: connection refused
3m20s       Warning   Unhealthy                         pod/beta-0                               Readiness probe failed: Get "http://192.168.198.199:8080/.well-known/celld/health": dial tcp 192.168.198.199:8080: connect: connection refused
3m19s       Warning   Unhealthy                         pod/beta-1                               Readiness probe failed: Get "http://192.168.67.134:8080/.well-known/celld/health": dial tcp 192.168.67.134:8080: connect: connection refused
3m18s       Warning   Unhealthy                         pod/alpha-57d79cf869-vcb4h               Readiness probe failed: Get "http://192.168.161.136:8080/.well-known/celld/health": dial tcp 192.168.161.136:8080: connect: connection refused
3m17s       Warning   Unhealthy                         pod/beta-0                               Readiness probe failed: Get "http://192.168.198.199:8080/.well-known/celld/health": context deadline exceeded (Client.Timeout exceeded while awaiting headers)
3m16s       Warning   Unhealthy                         pod/beta-1                               Readiness probe failed: Get "http://192.168.67.134:8080/.well-known/celld/health": context deadline exceeded (Client.Timeout exceeded while awaiting headers)
3m15s       Warning   Unhealthy                         pod/beta-1                               Readiness probe failed: HTTP probe failed with statuscode: 503
2m59s       Normal    NoPods                            poddisruptionbudget/collision            No matching pods found
97s         Warning   BackOff                           pod/unavailable-5448767f5b-k6rcd         Back-off restarting failed container celld in pod unavailable-5448767f5b-k6rcd_fleets(783b079b-02a5-4b19-a617-e50aa3ab209e)
15s         Normal    WaitForFirstConsumer              persistentvolumeclaim/data-collision-0   waiting for first consumer to be created before binding


Found 2 pods, using pod/celld-operator-58fc9cd946-gss8l
{"time":"2026-09-19T01:13:40.426781668Z","level":"INFO","msg":"starting server","name":"health probe","addr":"[::]:8082"}
{"time":"2026-09-19T01:13:40.432635182Z","level":"INFO","msg":"Attempting to acquire leader lease...","logger":"leaderelection","lock":"celld-system/celld-operator.celld.example.com"}
{"time":"2026-09-19T01:13:57.612519603Z","level":"INFO","msg":"Successfully acquired lease","logger":"leaderelection","lock":"celld-system/celld-operator.celld.example.com"}
{"time":"2026-09-19T01:13:57.612931601Z","level":"INFO","msg":"Starting EventSource","controller":"celldfleet","controllerGroup":"celld.example.com","controllerKind":"CelldFleet","source":"kind source: *v1alpha1.CelldFleet"}
{"time":"2026-09-19T01:13:57.824679993Z","level":"INFO","msg":"Starting Controller","controller":"celldfleet","controllerGroup":"celld.example.com","controllerKind":"CelldFleet"}
{"time":"2026-09-19T01:13:57.824730004Z","level":"INFO","msg":"Starting workers","controller":"celldfleet","controllerGroup":"celld.example.com","controllerKind":"CelldFleet","worker count":4}

Cleaning up only cluster celld-step2-6cd2520d
Traceback (most recent call last):
  File "/Users/ewhauser/working/celld-operator/hack/integration/run.py", line 435, in <module>
    main()
    ~~~~^^
  File "/Users/ewhauser/working/celld-operator/hack/integration/run.py", line 336, in main
    wait_for(lambda:get('deployment','alpha')['spec']['replicas']==1 and ready('alpha') and not get('celldfleet','alpha').get('status',{}).get('lifecycle',{}).get('operationID'),'live Metrics Server automatic Bucket 3-to-1 contraction',timeout=420)
    ~~~~~~~~^^^^^^^^^^^^^^^^^^^^^^^^^^^^^^^^^^^^^^^^^^^^^^^^^^^^^^^^^^^^^^^^^^^^^^^^^^^^^^^^^^^^^^^^^^^^^^^^^^^^^^^^^^^^^^^^^^^^^^^^^^^^^^^^^^^^^^^^^^^^^^^^^^^^^^^^^^^^^^^^^^^^^^^^^^^^^^^^^^^^^^^^^^^^^^^^^^^^^^^^^^^^^^^^^^^^^^^^^^^^^^^^^^^^^^^^^^^^
  File "/Users/ewhauser/working/celld-operator/hack/integration/run.py", line 70, in wait_for
    raise RuntimeError('Timed out: ' + description)
RuntimeError: Timed out: live Metrics Server automatic Bucket 3-to-1 contraction
