python3 hack/integration/run.py --external
Creating isolated cluster celld-step2-aa21913a
Loaded pinned image from local cache: ghcr.io/denoland/celld@sha256:df8e74bb9a059df5779644368984933eba76acd6a2d196672732f4368f760fc8
Pulling into disposable node: quay.io/minio/minio:RELEASE.2025-09-07T16-13-09Z
Pulling into disposable node: quay.io/minio/mc:RELEASE.2025-08-13T08-35-41Z
Pulling into disposable node: curlimages/curl:8.12.1
Pulling into disposable node: registry.k8s.io/metrics-server/metrics-server:v0.8.0
PASS: create two isolated test buckets
PASS: qualification app deployed to bucket-alpha
PASS: qualification app deployed to bucket-beta
PASS: pre-existing PVC blocks initial StatefulSet creation
PASS: both runtime profiles ready through operator reconciliation
PASS: strict replicas use distinct nodes within the configured zone
PASS: strict placement blocks a missing eligible zone
PASS: probe same-fleet running
PASS: probe client running
PASS: probe client-beta running
PASS: probe untrusted running
PASS: probe operator running
PASS: application writes readable only in their own fleet storage scope
PASS: same-fleet/operator peer access, cross-fleet/untrusted/client peer denial, ClusterIP health routing
PASS: cross-namespace storage conflict blocked
PASS: fleet in a namespace without the fleet Role is reported, not reconciled
PASS: schema rejects invalid specs and lifecycle mutations
PASS: additional probe and bucket override are reported as unsafe drift
PASS: restored original template matches normalized API defaults
PASS: External mode names the /scale writer as owner
PASS: /scale reports spec, observed replicas and the fleet selector
PASS: HPA reads the fleet through /scale
PASS: HPA raises spec.replicas to its maximum
PASS: operator applies the HPA addition through the journal
PASS: External mode never fights the HPA; desired 3 applied 3
PASS: HPA lowers spec.replicas
PASS: HPA-requested contraction executes through the gated Bucket executor (local fixture)
PASS: acknowledged write readable after HPA-driven shrink; /scale consistent
PASS: kubectl scale through /scale adds a replica via the journal
PASS: manual ownership restored after External mode
    ],

Cleaning up only cluster celld-step2-aa21913a
exit=0
